115485051: 0.00894
116485573: 0.00761
813286: 0.00235
11348282: 0.00133
40981798: 0.00130
7861312: 0.00120
15439395: 0.00109
17093617: 0.00105
15485441: 0.00102
14230524: 0.00099
90420314: 0.00098
18396070: 0.00097
14824849: 0.00096
1183041: 0.00095
16303106: 0.00093
30364057: 0.00089
972651: 0.00088
428333: 0.00088
62581962: 0.00088
783214: 0.00086
...
Sum: 1.00000
